2025-02-16 21:01:00 | WARN | repo=pv243-2015-infinispan-seminar | action=commit
2025-04-28 15:44:00 | DEBUG | repo=pv243-2015-infinispan-seminar | action=commit
2025-07-25 15:39:00 | WARN | repo=pv243-2015-infinispan-seminar | action=commit
2025-03-26 08:19:00 | WARN | repo=pv243-2015-infinispan-seminar | action=commit
2025-02-06 15:37:00 | INFO | repo=pv243-2015-infinispan-seminar | action=commit
2025-04-05 21:31:00 | INFO | repo=pv243-2015-infinispan-seminar | action=commit
2025-08-15 19:39:00 | WARN | repo=pv243-2015-infinispan-seminar | action=commit
2025-09-24 08:56:00 | WARN | repo=pv243-2015-infinispan-seminar | action=commit
2025-02-15 20:56:00 | DEBUG | repo=pv243-2015-infinispan-seminar | action=commit
2025-04-08 14:01:00 | WARN | repo=pv243-2015-infinispan-seminar | action=commit
2025-03-24 08:09:00 | DEBUG | repo=pv243-2015-infinispan-seminar | action=commit
2025-07-13 07:56:00 | WARN | repo=pv243-2015-infinispan-seminar | action=commit
2025-03-22 10:36:00 | DEBUG | repo=pv243-2015-infinispan-seminar | action=commit
2025-10-16 20:48:00 | INFO | repo=pv243-2015-infinispan-seminar | action=commit
2025-12-19 15:06:00 | INFO | repo=pv243-2015-infinispan-seminar | action=commit
2025-12-02 20:31:00 | DEBUG | repo=pv243-2015-infinispan-seminar | action=commit
2025-03-16 18:07:00 | WARN | repo=pv243-2015-infinispan-seminar | action=pull
2025-01-26 14:13:00 | DEBUG | repo=pv243-2015-infinispan-seminar | action=commit
2025-02-13 19:27:00 | INFO | repo=pv243-2015-infinispan-seminar | action=pull
2025-03-07 11:25:00 | INFO | repo=pv243-2015-infinispan-seminar | action=commit
2025-10-13 12:57:00 | INFO | repo=pv243-2015-infinispan-seminar | action=commit
2025-08-18 21:28:00 | WARN | repo=pv243-2015-infinispan-seminar | action=commit
2025-08-11 09:49:00 | INFO | repo=pv243-2015-infinispan-seminar | action=pull
2025-07-18 20:24:00 | INFO | repo=pv243-2015-infinispan-seminar | action=test | passed=true
2025-05-07 14:59:00 | INFO | repo=pv243-2015-infinispan-seminar | action=commit
2025-11-13 09:57:00 | WARN | repo=pv243-2015-infinispan-seminar | action=commit
2025-02-08 17:19:00 | WARN | repo=pv243-2015-infinispan-seminar | action=commit
2025-02-09 09:17:00 | DEBUG | repo=pv243-2015-infinispan-seminar | action=commit
2025-10-22 18:46:00 | DEBUG | repo=pv243-2015-infinispan-seminar | action=commit
2025-03-09 16:08:00 | WARN | repo=pv243-2015-infinispan-seminar | action=test | passed=true
2025-05-03 12:51:00 | DEBUG | repo=pv243-2015-infinispan-seminar | action=commit
2025-07-21 19:40:00 | DEBUG | repo=pv243-2015-infinispan-seminar | action=test | passed=true
2025-12-09 21:22:00 | DEBUG | repo=pv243-2015-infinispan-seminar | action=commit
2025-07-22 18:55:00 | DEBUG | repo=pv243-2015-infinispan-seminar | action=commit
